CCS PCM C Compiler, Version 5.070, 56587               14-dez-20 13:30

               Filename:   D:\IFTM\6º SEM\MICRO\MICRO 2020-2\ProjetosC\prova1c\main.lst

               ROM used:   412 words (5%)
                           Largest free fragment is 2048
               RAM used:   35 (10%) at main() level
                           36 (10%) worst case
               Stack used: 1 locations (0 in main + 1 for interrupts)
               Stack size: 8

*
0000:  MOVLW  01
0001:  MOVWF  0A
0002:  GOTO   130
0003:  NOP
0004:  MOVWF  7F
0005:  SWAPF  03,W
0006:  CLRF   03
0007:  MOVWF  21
0008:  MOVF   0A,W
0009:  MOVWF  20
000A:  CLRF   0A
000B:  MOVF   04,W
000C:  MOVWF  22
000D:  MOVF   77,W
000E:  MOVWF  23
000F:  MOVF   78,W
0010:  MOVWF  24
0011:  MOVF   79,W
0012:  MOVWF  25
0013:  MOVF   7A,W
0014:  MOVWF  26
0015:  BCF    03.7
0016:  BCF    03.5
0017:  BTFSS  0B.5
0018:  GOTO   01B
0019:  BTFSC  0B.2
001A:  GOTO   02C
001B:  MOVF   22,W
001C:  MOVWF  04
001D:  MOVF   23,W
001E:  MOVWF  77
001F:  MOVF   24,W
0020:  MOVWF  78
0021:  MOVF   25,W
0022:  MOVWF  79
0023:  MOVF   26,W
0024:  MOVWF  7A
0025:  MOVF   20,W
0026:  MOVWF  0A
0027:  SWAPF  21,W
0028:  MOVWF  03
0029:  SWAPF  7F,F
002A:  SWAPF  7F,W
002B:  RETFIE
002C:  BCF    0A.3
002D:  BCF    0A.4
002E:  GOTO   02F
.................... //joao pedro vieira campos  || 46865954874-1 
.................... #include <main.h> 
.................... #include <16F877A.h> 
.................... //////////// Standard Header file for the PIC16F877A device //////////////// 
.................... /////////////////////////////////////////////////////////////////////////// 
.................... ////        (C) Copyright 1996, 2014 Custom Computer Services          //// 
.................... //// This source code may only be used by licensed users of the CCS C  //// 
.................... //// compiler.  This source code may only be distributed to other      //// 
.................... //// licensed users of the CCS C compiler.  No other use, reproduction //// 
.................... //// or distribution is permitted without written permission.          //// 
.................... //// Derivative programs created using this software in object code    //// 
.................... //// form are not restricted in any way.                               //// 
.................... /////////////////////////////////////////////////////////////////////////// 
.................... #device PIC16F877A 
....................  
.................... #list 
....................  
.................... #device ADC=10 
....................  
.................... #FUSES PUT                      //Power Up Timer 
.................... #FUSES NOBROWNOUT               //No brownout reset 
.................... #FUSES NOLVP                    //No low voltage prgming, B3(PIC16) or B5(PIC18) used for I/O 
....................  
.................... #use delay(crystal=4MHz) 
.................... #use FIXED_IO( A_outputs=PIN_A5 ) 
.................... #define BUZZER   PIN_A5 
.................... #define S1   PIN_B0 
.................... #define S2   PIN_B1 
.................... #define S3   PIN_B2 
.................... #define S4   PIN_B3 
....................  
....................  
....................  
....................  
....................  
.................... int display[]= {63, 6, 91, 79, 102, 109, 125, 7, 127, 111}; 
*
013D:  MOVLW  3F
013E:  BCF    03.5
013F:  MOVWF  27
0140:  MOVLW  06
0141:  MOVWF  28
0142:  MOVLW  5B
0143:  MOVWF  29
0144:  MOVLW  4F
0145:  MOVWF  2A
0146:  MOVLW  66
0147:  MOVWF  2B
0148:  MOVLW  6D
0149:  MOVWF  2C
014A:  MOVLW  7D
014B:  MOVWF  2D
014C:  MOVLW  07
014D:  MOVWF  2E
014E:  MOVLW  7F
014F:  MOVWF  2F
0150:  MOVLW  6F
0151:  MOVWF  30
.................... int cont, cont1, cont2, cont3, AUX_100MS=100, AUX_5S, aux; 
.................... int filtro, filtro1, filtro2, filtro3; 
.................... int1 acao, acao1, acao2, acao3, acao4, acao5, fim100ms, FIM5S; 
....................  
.................... #define  V_FILTRO    100 
....................  
.................... void le_botaoS1(); 
.................... void le_botaoS2(); 
.................... void le_botaoS3(); 
.................... void le_botaoS4(); 
....................  
.................... #INT_TIMER0 
.................... void  TIMER0_isr(void)  
.................... { 
....................     AUX_100MS--; 
*
002F:  DECFSZ 35,F
....................     if(AUX_100MS==0) 
0030:  GOTO   037
....................     { 
....................       fim100ms=1; 
0031:  BSF    3C.6
....................       AUX_100MS=100; 
0032:  MOVLW  64
0033:  MOVWF  35
....................       AUX_5S--; 
0034:  DECFSZ 36,F
....................        
....................       if(AUX_5S==0){ 
0035:  GOTO   037
....................          FIM5S=1;   
0036:  BSF    3C.7
....................       } 
....................    } 
....................     
....................    if(aux==4){ 
0037:  MOVF   37,W
0038:  SUBLW  04
0039:  BTFSC  03.2
....................       aux=0; 
003A:  CLRF   37
....................    } 
....................     
....................    if(aux==0) 
003B:  MOVF   37,F
003C:  BTFSS  03.2
003D:  GOTO   053
....................    { 
....................       output_low(PIN_B4); 
003E:  BSF    03.5
003F:  BCF    06.4
0040:  BCF    03.5
0041:  BCF    06.4
....................       output_high(PIN_B7); 
0042:  BSF    03.5
0043:  BCF    06.7
0044:  BCF    03.5
0045:  BSF    06.7
....................       output_d(display[cont3]); 
0046:  MOVLW  27
0047:  ADDWF  34,W
0048:  MOVWF  04
0049:  BCF    03.7
004A:  MOVF   00,W
004B:  MOVWF  3E
004C:  BSF    03.5
004D:  CLRF   08
004E:  BCF    03.5
004F:  MOVF   3E,W
0050:  MOVWF  08
....................       aux++; 
0051:  INCF   37,F
....................        
....................    }else if(aux==1) 
0052:  GOTO   098
0053:  DECFSZ 37,W
0054:  GOTO   06A
....................    { 
....................       output_low(PIN_B7); 
0055:  BSF    03.5
0056:  BCF    06.7
0057:  BCF    03.5
0058:  BCF    06.7
....................       output_high(PIN_B6); 
0059:  BSF    03.5
005A:  BCF    06.6
005B:  BCF    03.5
005C:  BSF    06.6
....................       output_d(display[cont2]); 
005D:  MOVLW  27
005E:  ADDWF  33,W
005F:  MOVWF  04
0060:  BCF    03.7
0061:  MOVF   00,W
0062:  MOVWF  3E
0063:  BSF    03.5
0064:  CLRF   08
0065:  BCF    03.5
0066:  MOVF   3E,W
0067:  MOVWF  08
....................       aux++; 
0068:  INCF   37,F
....................        
....................    }else if(aux==2) 
0069:  GOTO   098
006A:  MOVF   37,W
006B:  SUBLW  02
006C:  BTFSS  03.2
006D:  GOTO   084
....................    { 
....................       output_low(PIN_B6); 
006E:  BSF    03.5
006F:  BCF    06.6
0070:  BCF    03.5
0071:  BCF    06.6
....................       output_high(PIN_B5); 
0072:  BSF    03.5
0073:  BCF    06.5
0074:  BCF    03.5
0075:  BSF    06.5
....................       output_d(display[cont1]+128); 
0076:  MOVLW  27
0077:  ADDWF  32,W
0078:  MOVWF  04
0079:  BCF    03.7
007A:  MOVLW  80
007B:  ADDWF  00,W
007C:  MOVWF  3E
007D:  BSF    03.5
007E:  CLRF   08
007F:  BCF    03.5
0080:  MOVF   3E,W
0081:  MOVWF  08
....................       aux++; 
0082:  INCF   37,F
....................        
....................    }else{ 
0083:  GOTO   098
....................       output_low(PIN_B5); 
0084:  BSF    03.5
0085:  BCF    06.5
0086:  BCF    03.5
0087:  BCF    06.5
....................       output_high(PIN_B4); 
0088:  BSF    03.5
0089:  BCF    06.4
008A:  BCF    03.5
008B:  BSF    06.4
....................       output_d(display[cont]); 
008C:  MOVLW  27
008D:  ADDWF  31,W
008E:  MOVWF  04
008F:  BCF    03.7
0090:  MOVF   00,W
0091:  MOVWF  3E
0092:  BSF    03.5
0093:  CLRF   08
0094:  BCF    03.5
0095:  MOVF   3E,W
0096:  MOVWF  08
....................       aux++; 
0097:  INCF   37,F
....................    } 
0098:  BCF    0B.2
0099:  BCF    0A.3
009A:  BCF    0A.4
009B:  GOTO   01B
.................... } 
....................  
.................... void main() 
*
0130:  MOVF   03,W
0131:  ANDLW  1F
0132:  MOVWF  03
0133:  MOVLW  64
0134:  MOVWF  35
0135:  BSF    03.5
0136:  BSF    1F.0
0137:  BSF    1F.1
0138:  BSF    1F.2
0139:  BCF    1F.3
013A:  MOVLW  07
013B:  MOVWF  1C
013C:  BCF    03.7
.................... { 
....................    setup_timer_0(RTCC_INTERNAL|RTCC_DIV_4|RTCC_8_BIT);      //1,0 ms overflow 
*
0152:  BSF    03.5
0153:  MOVF   01,W
0154:  ANDLW  C0
0155:  IORLW  01
0156:  MOVWF  01
....................    enable_interrupts(INT_RTCC); 
0157:  BCF    03.5
0158:  BSF    0B.5
....................    enable_interrupts(INT_TIMER0); 
0159:  BSF    0B.5
....................    enable_interrupts(GLOBAL); 
015A:  MOVLW  C0
015B:  IORWF  0B,F
....................    cont=0; 
015C:  CLRF   31
....................    acao=0; 
015D:  BCF    3C.0
....................    acao5=1; 
015E:  BSF    3C.5
....................    aux=0; 
015F:  CLRF   37
....................    AUX_100MS=0; 
0160:  CLRF   35
....................    while(TRUE) 
....................    { 
....................       if(fim100ms==1) 
0161:  BTFSS  3C.6
0162:  GOTO   18E
....................       { 
....................          fim100ms=0; 
0163:  BCF    3C.6
....................          if(acao==1) 
0164:  BTFSS  3C.0
0165:  GOTO   18E
....................          { 
....................                  if(cont==0) 
0166:  MOVF   31,F
0167:  BTFSS  03.2
0168:  GOTO   18D
....................                  { 
....................                      cont=9; 
0169:  MOVLW  09
016A:  MOVWF  31
....................                      if(cont1==0) 
016B:  MOVF   32,F
016C:  BTFSS  03.2
016D:  GOTO   18B
....................                      { 
....................                         cont1=9; 
016E:  MOVLW  09
016F:  MOVWF  32
....................                         if(cont2==0) 
0170:  MOVF   33,F
0171:  BTFSS  03.2
0172:  GOTO   189
....................                         { 
....................                            cont2=9; 
0173:  MOVLW  09
0174:  MOVWF  33
....................                            if(cont3==0) 
0175:  MOVF   34,F
0176:  BTFSS  03.2
0177:  GOTO   187
....................                            { 
....................                               cont=0; 
0178:  CLRF   31
....................                               cont1=0; 
0179:  CLRF   32
....................                               cont2=0; 
017A:  CLRF   33
....................                               if(acao5==0) 
017B:  BTFSC  3C.5
017C:  GOTO   186
....................                               { 
....................                                  output_high(BUZZER); 
017D:  MOVLW  DF
017E:  BSF    03.5
017F:  MOVWF  05
0180:  BCF    03.5
0181:  BSF    05.5
....................                                  AUX_5S=50; 
0182:  MOVLW  32
0183:  MOVWF  36
....................                                  acao=0; 
0184:  BCF    3C.0
....................                                  acao5=1; 
0185:  BSF    3C.5
....................                               } 
....................                            } 
0186:  GOTO   188
....................                            else{ 
....................                               cont3--; 
0187:  DECF   34,F
....................                            } 
....................                         } 
0188:  GOTO   18A
....................                         else{ 
....................                            cont2--; 
0189:  DECF   33,F
....................                         } 
....................                      } 
018A:  GOTO   18C
....................                      else{ 
....................                         cont1--; 
018B:  DECF   32,F
....................                      } 
....................                   } 
018C:  GOTO   18E
....................                   else{ 
....................                      cont--; 
018D:  DECF   31,F
....................                   } 
....................          } 
....................       } 
....................       if(FIM5S==1){ 
018E:  BTFSS  3C.7
018F:  GOTO   196
....................          output_low(BUZZER); 
0190:  MOVLW  DF
0191:  BSF    03.5
0192:  MOVWF  05
0193:  BCF    03.5
0194:  BCF    05.5
....................          FIM5S=0; 
0195:  BCF    3C.7
....................       } 
....................        
....................       le_botaoS1(); 
0196:  GOTO   09C
....................       le_botaoS2(); 
0197:  GOTO   0B2
....................       le_botaoS3(); 
0198:  GOTO   0D0
....................       le_botaoS4(); 
0199:  GOTO   100
019A:  GOTO   161
....................    } 
....................  
.................... } 
....................  
019B:  SLEEP
.................... void le_botaoS1() 
.................... { 
....................    if(input(S1) == 0) 
*
009C:  BSF    03.5
009D:  BSF    06.0
009E:  BCF    03.5
009F:  BTFSC  06.0
00A0:  GOTO   0AC
....................    { 
....................       if(acao4 == 0) 
00A1:  BTFSC  3C.4
00A2:  GOTO   0AB
....................       { 
....................             filtro--; 
00A3:  DECFSZ 38,F
....................             if (filtro == 0) 
00A4:  GOTO   0AB
....................             { 
....................                acao4=1; 
00A5:  BSF    3C.4
....................                if(acao==0){ 
00A6:  BTFSC  3C.0
00A7:  GOTO   0AA
....................                   acao=1; 
00A8:  BSF    3C.0
....................                } 
00A9:  GOTO   0AB
....................                else{ 
....................                   acao=0; 
00AA:  BCF    3C.0
....................                } 
....................             } 
....................       } 
....................    } 
00AB:  GOTO   0AF
....................    else{ 
....................       acao4=0; 
00AC:  BCF    3C.4
....................       filtro = V_FILTRO; 
00AD:  MOVLW  64
00AE:  MOVWF  38
....................    } 
00AF:  BCF    0A.3
00B0:  BCF    0A.4
00B1:  GOTO   197 (RETURN)
.................... } 
....................  
.................... void le_botaoS2() 
.................... { 
....................    if (input(S2) == 0) 
00B2:  BSF    03.5
00B3:  BSF    06.1
00B4:  BCF    03.5
00B5:  BTFSC  06.1
00B6:  GOTO   0CA
....................    { 
....................       if(acao1 == 0) 
00B7:  BTFSC  3C.1
00B8:  GOTO   0C9
....................       { 
....................             filtro1--; 
00B9:  DECFSZ 39,F
....................             if (filtro1 == 0) 
00BA:  GOTO   0C9
....................             { 
....................                if(acao==0){ 
00BB:  BTFSC  3C.0
00BC:  GOTO   0C9
....................                cont=0; 
00BD:  CLRF   31
....................                cont1=0; 
00BE:  CLRF   32
....................                cont2=0; 
00BF:  CLRF   33
....................                cont3=0; 
00C0:  CLRF   34
....................                acao=0; 
00C1:  BCF    3C.0
....................                acao5=1; 
00C2:  BSF    3C.5
....................                output_low(BUZZER); 
00C3:  MOVLW  DF
00C4:  BSF    03.5
00C5:  MOVWF  05
00C6:  BCF    03.5
00C7:  BCF    05.5
....................                acao1=1; 
00C8:  BSF    3C.1
....................                } 
....................             } 
....................       } 
....................    } 
00C9:  GOTO   0CD
....................    else{ 
....................       acao1=0; 
00CA:  BCF    3C.1
....................       filtro1 = V_FILTRO; 
00CB:  MOVLW  64
00CC:  MOVWF  39
....................    } 
00CD:  BCF    0A.3
00CE:  BCF    0A.4
00CF:  GOTO   198 (RETURN)
.................... } 
....................  
.................... void le_botaoS3() 
.................... { 
....................    if (input(S3) == 0) 
00D0:  BSF    03.5
00D1:  BSF    06.2
00D2:  BCF    03.5
00D3:  BTFSC  06.2
00D4:  GOTO   0FA
....................    { 
....................       if(acao2 == 0) 
00D5:  BTFSC  3C.2
00D6:  GOTO   0F9
....................       { 
....................             filtro2--; 
00D7:  DECFSZ 3A,F
....................             if (filtro2 == 0) 
00D8:  GOTO   0F9
....................             { 
....................                if(acao==0) 
00D9:  BTFSC  3C.0
00DA:  GOTO   0F9
....................                { 
....................                   acao5=0; 
00DB:  BCF    3C.5
....................                   if(cont==9) 
00DC:  MOVF   31,W
00DD:  SUBLW  09
00DE:  BTFSS  03.2
00DF:  GOTO   0F7
....................                   { 
....................                      cont=0; 
00E0:  CLRF   31
....................                      if(cont1==9) 
00E1:  MOVF   32,W
00E2:  SUBLW  09
00E3:  BTFSS  03.2
00E4:  GOTO   0F5
....................                      { 
....................                         cont1=0; 
00E5:  CLRF   32
....................                         if(cont2==9) 
00E6:  MOVF   33,W
00E7:  SUBLW  09
00E8:  BTFSS  03.2
00E9:  GOTO   0F3
....................                         { 
....................                            cont2=0; 
00EA:  CLRF   33
....................                            if(cont3==9) 
00EB:  MOVF   34,W
00EC:  SUBLW  09
00ED:  BTFSS  03.2
00EE:  GOTO   0F1
....................                            { 
....................                               cont3 = 0; 
00EF:  CLRF   34
....................                            }else{ 
00F0:  GOTO   0F2
....................                               cont3++; 
00F1:  INCF   34,F
....................                            } 
....................                         } 
00F2:  GOTO   0F4
....................                         else{ 
....................                            cont2++; 
00F3:  INCF   33,F
....................                         } 
....................                      } 
00F4:  GOTO   0F6
....................                      else{ 
....................                         cont1++; 
00F5:  INCF   32,F
....................                      } 
....................                   } 
00F6:  GOTO   0F8
....................                   else{ 
....................                      cont++; 
00F7:  INCF   31,F
....................                   } 
....................                acao2=1; 
00F8:  BSF    3C.2
....................                } 
....................             } 
....................       } 
....................    } 
00F9:  GOTO   0FD
....................    else{ 
....................       acao2=0; 
00FA:  BCF    3C.2
....................       filtro2 = V_FILTRO; 
00FB:  MOVLW  64
00FC:  MOVWF  3A
....................    } 
00FD:  BCF    0A.3
00FE:  BCF    0A.4
00FF:  GOTO   199 (RETURN)
.................... } 
....................  
.................... void le_botaoS4() 
.................... { 
....................    if (input(S4) == 0) 
0100:  BSF    03.5
0101:  BSF    06.3
0102:  BCF    03.5
0103:  BTFSC  06.3
0104:  GOTO   12A
....................    { 
....................       if(acao3 == 0) 
0105:  BTFSC  3C.3
0106:  GOTO   129
....................       { 
....................             filtro3--; 
0107:  DECFSZ 3B,F
....................             if (filtro3 == 0) 
0108:  GOTO   129
....................             { 
....................                if(acao==0) 
0109:  BTFSC  3C.0
010A:  GOTO   129
....................                { 
....................                   acao5=0; 
010B:  BCF    3C.5
....................                   if(cont==0) 
010C:  MOVF   31,F
010D:  BTFSS  03.2
010E:  GOTO   127
....................                   { 
....................                      cont=9; 
010F:  MOVLW  09
0110:  MOVWF  31
....................                      if(cont1==0) 
0111:  MOVF   32,F
0112:  BTFSS  03.2
0113:  GOTO   125
....................                      { 
....................                         cont1=9; 
0114:  MOVLW  09
0115:  MOVWF  32
....................                         if(cont2==0) 
0116:  MOVF   33,F
0117:  BTFSS  03.2
0118:  GOTO   123
....................                         { 
....................                            cont2=9; 
0119:  MOVLW  09
011A:  MOVWF  33
....................                            if(cont3==0) 
011B:  MOVF   34,F
011C:  BTFSS  03.2
011D:  GOTO   121
....................                            { 
....................                               cont3 = 9; 
011E:  MOVLW  09
011F:  MOVWF  34
....................                            } 
0120:  GOTO   122
....................                            else{ 
....................                               cont3--; 
0121:  DECF   34,F
....................                            } 
....................                         } 
0122:  GOTO   124
....................                         else{ 
....................                            cont2--; 
0123:  DECF   33,F
....................                            } 
....................                      } 
0124:  GOTO   126
....................                      else{ 
....................                         cont1--; 
0125:  DECF   32,F
....................                         } 
....................                   } 
0126:  GOTO   128
....................                   else{ 
....................                      cont--; 
0127:  DECF   31,F
....................                   } 
....................                   acao3=1; 
0128:  BSF    3C.3
....................                } 
....................             } 
....................       } 
....................    } 
0129:  GOTO   12D
....................    else{ 
....................       acao3=0; 
012A:  BCF    3C.3
....................       filtro3 = V_FILTRO; 
012B:  MOVLW  64
012C:  MOVWF  3B
....................    } 
012D:  BCF    0A.3
012E:  BCF    0A.4
012F:  GOTO   19A (RETURN)
.................... } 
....................  

Configuration Fuses:
   Word  1: 3F31   XT NOWDT PUT NOBROWNOUT NOLVP NOCPD NOWRT NODEBUG NOPROTECT
